[15:41:47] driver attached to window 2097160
[15:41:56] cobblestone: already generated, skipping
[15:42:30] deepslate: {"pieces": 1148, "size": [145, 133, 145], "seconds": 33.9}
[15:43:05] sculk: {"pieces": 1148, "size": [145, 133, 145], "seconds": 34.4}
[15:43:38] desert_tomb: {"pieces": 1148, "size": [145, 133, 145], "seconds": 33.9}
[15:44:12] lush: {"pieces": 1148, "size": [145, 133, 145], "seconds": 33.9}
[15:44:46] dripstone: {"pieces": 1148, "size": [145, 133, 145], "seconds": 33.9}
[15:45:20] frozen: {"pieces": 1148, "size": [145, 133, 145], "seconds": 33.9}
[15:45:54] ocean_ruin: {"pieces": 1148, "size": [145, 133, 145], "seconds": 33.9}
[15:46:49] amethyst_geode: {"pieces": 1148, "size": [145, 133, 145], "seconds": 55.1}
[15:47:23] copper: {"pieces": 1148, "size": [145, 133, 145], "seconds": 33.5}
[15:47:56] stronghold: {"pieces": 1148, "size": [145, 133, 145], "seconds": 33.5}
[15:48:30] nether_wastes: {"pieces": 1148, "size": [145, 133, 145], "seconds": 33.5}
[15:49:04] crimson_forest: {"pieces": 1148, "size": [145, 133, 145], "seconds": 33.9}
[15:49:38] warped_forest: {"pieces": 1148, "size": [145, 133, 145], "seconds": 33.9}
[15:50:11] basalt_deltas: {"pieces": 1148, "size": [145, 133, 145], "seconds": 33.9}
[15:50:45] soul_sand_valley: {"pieces": 1148, "size": [145, 133, 145], "seconds": 33.5}
[15:51:19] nether_fortress: {"pieces": 1148, "size": [145, 133, 145], "seconds": 33.5}
[15:51:52] bastion: {"pieces": 1148, "size": [145, 133, 145], "seconds": 33.9}
[15:52:26] end_stone: {"pieces": 1148, "size": [145, 133, 145], "seconds": 33.9}
[15:53:00] end_city: {"pieces": 1148, "size": [145, 133, 145], "seconds": 33.9}
[15:53:00] theme generation done
